../Core/Src/main.c:71:6:HAL_UART_RxCpltCallback	16	static
../Core/Src/main.c:91:5:_write	24	static
../Core/Src/main.c:97:10:AS5600_ReadAngle	24	static
../Core/Src/main.c:107:7:PID_Compute	32	static
../Core/Src/main.c:123:5:main	56	static
../Core/Src/main.c:218:6:SystemClock_Config	88	static
../Core/Src/main.c:241:13:MX_I2C1_Init	8	static
../Core/Src/main.c:253:13:MX_TIM3_Init	56	static
../Core/Src/main.c:273:13:MX_USART3_UART_Init	8	static
../Core/Src/main.c:284:13:MX_USB_OTG_FS_PCD_Init	8	static
../Core/Src/main.c:297:13:MX_GPIO_Init	56	static
../Core/Src/main.c:333:6:Error_Handler	4	static,ignoring_inline_asm
