../Core/Src/main.c:113:6:HAL_UART_RxCpltCallback	16	static
../Core/Src/main.c:133:5:_write	24	static
../Core/Src/main.c:139:10:AS5600_ReadAngle	24	static
../Core/Src/main.c:149:7:PID_Compute	32	static
../Core/Src/main.c:162:6:Rhino_Update_Angle	24	static
../Core/Src/main.c:183:5:main	64	static
../Core/Src/main.c:323:6:SystemClock_Config	88	static
../Core/Src/main.c:370:13:MX_I2C1_Init	8	static
../Core/Src/main.c:404:13:MX_TIM3_Init	64	static
../Core/Src/main.c:463:13:MX_TIM4_Init	64	static
../Core/Src/main.c:522:13:MX_TIM8_Init	56	static
../Core/Src/main.c:572:13:MX_USART3_UART_Init	8	static
../Core/Src/main.c:605:13:MX_USB_OTG_FS_PCD_Init	8	static
../Core/Src/main.c:640:13:MX_GPIO_Init	56	static
../Core/Src/main.c:721:6:Error_Handler	4	static,ignoring_inline_asm
